Archive member included to satisfy reference by file (symbol)

c:/users/bartek/.p2/pool/plugins/fr.ac6.mcu.externaltools.arm-none.win32_1.17.0.201812190825/tools/compiler/bin/../lib/gcc/arm-none-eabi/7.3.1/thumb/v7e-m/fpv4-sp/hard\libgcc.a(_aeabi_uldivmod.o)
                              Drivers/STM32F4xx_HAL_Driver/Src/stm32f4xx_hal_rcc.o (__aeabi_uldivmod)
c:/users/bartek/.p2/pool/plugins/fr.ac6.mcu.externaltools.arm-none.win32_1.17.0.201812190825/tools/compiler/bin/../lib/gcc/arm-none-eabi/7.3.1/thumb/v7e-m/fpv4-sp/hard\libgcc.a(_udivmoddi4.o)
                              c:/users/bartek/.p2/pool/plugins/fr.ac6.mcu.externaltools.arm-none.win32_1.17.0.201812190825/tools/compiler/bin/../lib/gcc/arm-none-eabi/7.3.1/thumb/v7e-m/fpv4-sp/hard\libgcc.a(_aeabi_uldivmod.o) (__udivmoddi4)
c:/users/bartek/.p2/pool/plugins/fr.ac6.mcu.externaltools.arm-none.win32_1.17.0.201812190825/tools/compiler/bin/../lib/gcc/arm-none-eabi/7.3.1/thumb/v7e-m/fpv4-sp/hard\libgcc.a(_dvmd_tls.o)
                              c:/users/bartek/.p2/pool/plugins/fr.ac6.mcu.externaltools.arm-none.win32_1.17.0.201812190825/tools/compiler/bin/../lib/gcc/arm-none-eabi/7.3.1/thumb/v7e-m/fpv4-sp/hard\libgcc.a(_aeabi_uldivmod.o) (__aeabi_ldiv0)
c:/users/bartek/.p2/pool/plugins/fr.ac6.mcu.externaltools.arm-none.win32_1.17.0.201812190825/tools/compiler/bin/../lib/gcc/arm-none-eabi/7.3.1/../../../../arm-none-eabi/lib/thumb/v7e-m/fpv4-sp/hard\libc_nano.a(lib_a-errno.o)
                              Src/syscalls.o (__errno)
c:/users/bartek/.p2/pool/plugins/fr.ac6.mcu.externaltools.arm-none.win32_1.17.0.201812190825/tools/compiler/bin/../lib/gcc/arm-none-eabi/7.3.1/../../../../arm-none-eabi/lib/thumb/v7e-m/fpv4-sp/hard\libc_nano.a(lib_a-exit.o)
                              c:/users/bartek/.p2/pool/plugins/fr.ac6.mcu.externaltools.arm-none.win32_1.17.0.201812190825/tools/compiler/bin/../lib/gcc/arm-none-eabi/7.3.1/../../../../arm-none-eabi/lib/thumb/v7e-m/fpv4-sp/hard/crt0.o (exit)
c:/users/bartek/.p2/pool/plugins/fr.ac6.mcu.externaltools.arm-none.win32_1.17.0.201812190825/tools/compiler/bin/../lib/gcc/arm-none-eabi/7.3.1/../../../../arm-none-eabi/lib/thumb/v7e-m/fpv4-sp/hard\libc_nano.a(lib_a-impure.o)
                              c:/users/bartek/.p2/pool/plugins/fr.ac6.mcu.externaltools.arm-none.win32_1.17.0.201812190825/tools/compiler/bin/../lib/gcc/arm-none-eabi/7.3.1/../../../../arm-none-eabi/lib/thumb/v7e-m/fpv4-sp/hard\libc_nano.a(lib_a-exit.o) (_global_impure_ptr)
c:/users/bartek/.p2/pool/plugins/fr.ac6.mcu.externaltools.arm-none.win32_1.17.0.201812190825/tools/compiler/bin/../lib/gcc/arm-none-eabi/7.3.1/../../../../arm-none-eabi/lib/thumb/v7e-m/fpv4-sp/hard\libc_nano.a(lib_a-init.o)
                              c:/users/bartek/.p2/pool/plugins/fr.ac6.mcu.externaltools.arm-none.win32_1.17.0.201812190825/tools/compiler/bin/../lib/gcc/arm-none-eabi/7.3.1/../../../../arm-none-eabi/lib/thumb/v7e-m/fpv4-sp/hard/crt0.o (__libc_init_array)
c:/users/bartek/.p2/pool/plugins/fr.ac6.mcu.externaltools.arm-none.win32_1.17.0.201812190825/tools/compiler/bin/../lib/gcc/arm-none-eabi/7.3.1/../../../../arm-none-eabi/lib/thumb/v7e-m/fpv4-sp/hard\libc_nano.a(lib_a-memset.o)
                              c:/users/bartek/.p2/pool/plugins/fr.ac6.mcu.externaltools.arm-none.win32_1.17.0.201812190825/tools/compiler/bin/../lib/gcc/arm-none-eabi/7.3.1/../../../../arm-none-eabi/lib/thumb/v7e-m/fpv4-sp/hard/crt0.o (memset)

Allocating common symbols
Common symbol       size              file

hadc2               0x48              Src/adc.o
hi2c2               0x54              Src/i2c.o
uwTick              0x4               Drivers/STM32F4xx_HAL_Driver/Src/stm32f4xx_hal.o
pFlash              0x20              Drivers/STM32F4xx_HAL_Driver/Src/stm32f4xx_hal_flash.o
hdma_i2c2_rx        0x60              Src/i2c.o
hdma_i2c2_tx        0x60              Src/i2c.o
hdma_usart1_tx      0x60              Src/usart.o
hadc1               0x48              Src/adc.o
hdma_usart1_rx      0x60              Src/usart.o
huart1              0x40              Src/usart.o
Rw_value            0x30              Src/MCP4661.o

Discarded input sections

 .text          0x00000000        0x0 c:/users/bartek/.p2/pool/plugins/fr.ac6.mcu.externaltools.arm-none.win32_1.17.0.201812190825/tools/compiler/bin/../lib/gcc/arm-none-eabi/7.3.1/thumb/v7e-m/fpv4-sp/hard/crti.o
 .data          0x00000000        0x0 c:/users/bartek/.p2/pool/plugins/fr.ac6.mcu.externaltools.arm-none.win32_1.17.0.201812190825/tools/compiler/bin/../lib/gcc/arm-none-eabi/7.3.1/thumb/v7e-m/fpv4-sp/hard/crti.o
 .bss           0x00000000        0x0 c:/users/bartek/.p2/pool/plugins/fr.ac6.mcu.externaltools.arm-none.win32_1.17.0.201812190825/tools/compiler/bin/../lib/gcc/arm-none-eabi/7.3.1/thumb/v7e-m/fpv4-sp/hard/crti.o
[...]
Memory Configuration

Name             Origin             Length             Attributes
RAM              0x20000000         0x00020000         xrw
CCMRAM           0x10000000         0x00010000         rw
FLASH            0x08000000         0x00100000         xr
*default*        0x00000000         0xffffffff

Linker script and memory map

LOAD c:/users/bartek/.p2/pool/plugins/fr.ac6.mcu.externaltools.arm-none.win32_1.17.0.201812190825/tools/compiler/bin/../lib/gcc/arm-none-eabi/7.3.1/thumb/v7e-m/fpv4-sp/hard/crti.o
LOAD c:/users/bartek/.p2/pool/plugins/fr.ac6.mcu.externaltools.arm-none.win32_1.17.0.201812190825/tools/compiler/bin/../lib/gcc/arm-none-eabi/7.3.1/thumb/v7e-m/fpv4-sp/hard/crtbegin.o
LOAD c:/users/bartek/.p2/pool/plugins/fr.ac6.mcu.externaltools.arm-none.win32_1.17.0.201812190825/tools/compiler/bin/../lib/gcc/arm-none-eabi/7.3.1/../../../../arm-none-eabi/lib/thumb/v7e-m/fpv4-sp/hard/crt0.o
LOAD Drivers/STM32F4xx_HAL_Driver/Src/stm32f4xx_hal.o
LOAD Drivers/STM32F4xx_HAL_Driver/Src/stm32f4xx_hal_adc.o
LOAD Drivers/STM32F4xx_HAL_Driver/Src/stm32f4xx_hal_adc_ex.o
LOAD Drivers/STM32F4xx_HAL_Driver/Src/stm32f4xx_hal_cortex.o
LOAD Drivers/STM32F4xx_HAL_Driver/Src/stm32f4xx_hal_dma.o
LOAD Drivers/STM32F4xx_HAL_Driver/Src/stm32f4xx_hal_dma_ex.o
LOAD Drivers/STM32F4xx_HAL_Driver/Src/stm32f4xx_hal_exti.o
LOAD Drivers/STM32F4xx_HAL_Driver/Src/stm32f4xx_hal_flash.o
LOAD Drivers/STM32F4xx_HAL_Driver/Src/stm32f4xx_hal_flash_ex.o
LOAD Drivers/STM32F4xx_HAL_Driver/Src/stm32f4xx_hal_flash_ramfunc.o
LOAD Drivers/STM32F4xx_HAL_Driver/Src/stm32f4xx_hal_gpio.o
LOAD Drivers/STM32F4xx_HAL_Driver/Src/stm32f4xx_hal_i2c.o
LOAD Drivers/STM32F4xx_HAL_Driver/Src/stm32f4xx_hal_i2c_ex.o
LOAD Drivers/STM32F4xx_HAL_Driver/Src/stm32f4xx_hal_pwr.o
LOAD Drivers/STM32F4xx_HAL_Driver/Src/stm32f4xx_hal_pwr_ex.o
LOAD Drivers/STM32F4xx_HAL_Driver/Src/stm32f4xx_hal_rcc.o
LOAD Drivers/STM32F4xx_HAL_Driver/Src/stm32f4xx_hal_rcc_ex.o
LOAD Drivers/STM32F4xx_HAL_Driver/Src/stm32f4xx_hal_tim.o
LOAD Drivers/STM32F4xx_HAL_Driver/Src/stm32f4xx_hal_tim_ex.o
LOAD Drivers/STM32F4xx_HAL_Driver/Src/stm32f4xx_hal_uart.o
LOAD Src/MCP4661.o
LOAD Src/adc.o
LOAD Src/analog.o
LOAD Src/dma.o
LOAD Src/gpio.o
LOAD Src/i2c.o
LOAD Src/main.o
LOAD Src/stm32f4xx_hal_msp.o
LOAD Src/stm32f4xx_it.o
LOAD Src/syscalls.o
LOAD Src/system_stm32f4xx.o
LOAD Src/usart.o
LOAD startup/startup_stm32f405xx.o
LOAD c:/users/bartek/.p2/pool/plugins/fr.ac6.mcu.externaltools.arm-none.win32_1.17.0.201812190825/tools/compiler/bin/../lib/gcc/arm-none-eabi/7.3.1/../../../../arm-none-eabi/lib/thumb/v7e-m/fpv4-sp/hard\libm.a
START GROUP
LOAD c:/users/bartek/.p2/pool/plugins/fr.ac6.mcu.externaltools.arm-none.win32_1.17.0.201812190825/tools/compiler/bin/../lib/gcc/arm-none-eabi/7.3.1/thumb/v7e-m/fpv4-sp/hard\libgcc.a
LOAD c:/users/bartek/.p2/pool/plugins/fr.ac6.mcu.externaltools.arm-none.win32_1.17.0.201812190825/tools/compiler/bin/../lib/gcc/arm-none-eabi/7.3.1/../../../../arm-none-eabi/lib/thumb/v7e-m/fpv4-sp/hard\libc_nano.a
END GROUP
START GROUP
LOAD c:/users/bartek/.p2/pool/plugins/fr.ac6.mcu.externaltools.arm-none.win32_1.17.0.201812190825/tools/compiler/bin/../lib/gcc/arm-none-eabi/7.3.1/thumb/v7e-m/fpv4-sp/hard\libgcc.a
LOAD c:/users/bartek/.p2/pool/plugins/fr.ac6.mcu.externaltools.arm-none.win32_1.17.0.201812190825/tools/compiler/bin/../lib/gcc/arm-none-eabi/7.3.1/../../../../arm-none-eabi/lib/thumb/v7e-m/fpv4-sp/hard\libc_nano.a
LOAD c:/users/bartek/.p2/pool/plugins/fr.ac6.mcu.externaltools.arm-none.win32_1.17.0.201812190825/tools/compiler/bin/../lib/gcc/arm-none-eabi/7.3.1/../../../../arm-none-eabi/lib/thumb/v7e-m/fpv4-sp/hard\libnosys.a
END GROUP
START GROUP
LOAD c:/users/bartek/.p2/pool/plugins/fr.ac6.mcu.externaltools.arm-none.win32_1.17.0.201812190825/tools/compiler/bin/../lib/gcc/arm-none-eabi/7.3.1/thumb/v7e-m/fpv4-sp/hard\libgcc.a
LOAD c:/users/bartek/.p2/pool/plugins/fr.ac6.mcu.externaltools.arm-none.win32_1.17.0.201812190825/tools/compiler/bin/../lib/gcc/arm-none-eabi/7.3.1/../../../../arm-none-eabi/lib/thumb/v7e-m/fpv4-sp/hard\libc_nano.a
LOAD c:/users/bartek/.p2/pool/plugins/fr.ac6.mcu.externaltools.arm-none.win32_1.17.0.201812190825/tools/compiler/bin/../lib/gcc/arm-none-eabi/7.3.1/../../../../arm-none-eabi/lib/thumb/v7e-m/fpv4-sp/hard\libnosys.a
END GROUP
LOAD c:/users/bartek/.p2/pool/plugins/fr.ac6.mcu.externaltools.arm-none.win32_1.17.0.201812190825/tools/compiler/bin/../lib/gcc/arm-none-eabi/7.3.1/thumb/v7e-m/fpv4-sp/hard/crtend.o
LOAD c:/users/bartek/.p2/pool/plugins/fr.ac6.mcu.externaltools.arm-none.win32_1.17.0.201812190825/tools/compiler/bin/../lib/gcc/arm-none-eabi/7.3.1/thumb/v7e-m/fpv4-sp/hard/crtn.o
                0x20020000                _estack = 0x20020000
                0x00000200                _Min_Heap_Size = 0x200
                0x00000400                _Min_Stack_Size = 0x400

.isr_vector     0x08000000      0x188
                0x08000000                . = ALIGN (0x4)
 *(.isr_vector)
 .isr_vector    0x08000000      0x188 startup/startup_stm32f405xx.o
                0x08000000                g_pfnVectors
                0x08000188                . = ALIGN (0x4)

.text           0x08000188     0x3820
                0x08000188                . = ALIGN (0x4)
 *(.text)
 .text          0x08000188       0x40 c:/users/bartek/.p2/pool/plugins/fr.ac6.mcu.externaltools.arm-none.win32_1.17.0.201812190825/tools/compiler/bin/../lib/gcc/arm-none-eabi/7.3.1/thumb/v7e-m/fpv4-sp/hard/crtbegin.o
 .text          0x080001c8       0x30 c:/users/bartek/.p2/pool/plugins/fr.ac6.mcu.externaltools.arm-none.win32_1.17.0.201812190825/tools/compiler/bin/../lib/gcc/arm-none-eabi/7.3.1/thumb/v7e-m/fpv4-sp/hard\libgcc.a(_aeabi_uldivmod.o)
                0x080001c8                __aeabi_uldivmod
 .text          0x080001f8      0x2cc c:/users/bartek/.p2/pool/plugins/fr.ac6.mcu.externaltools.arm-none.win32_1.17.0.201812190825/tools/compiler/bin/../lib/gcc/arm-none-eabi/7.3.1/thumb/v7e-m/fpv4-sp/hard\libgcc.a(_udivmoddi4.o)
                0x080001f8                __udivmoddi4
 .text          0x080004c4        0x4 c:/users/bartek/.p2/pool/plugins/fr.ac6.mcu.externaltools.arm-none.win32_1.17.0.201812190825/tools/compiler/bin/../lib/gcc/arm-none-eabi/7.3.1/thumb/v7e-m/fpv4-sp/hard\libgcc.a(_dvmd_tls.o)
                0x080004c4                __aeabi_idiv0
                0x080004c4                __aeabi_ldiv0
 *(.text*)
 .text.HAL_InitTick
                0x080004c8       0x48 Drivers/STM32F4xx_HAL_Driver/Src/stm32f4xx_hal.o
                0x080004c8                HAL_InitTick
 .text.HAL_Init
                0x08000510       0x34 Drivers/STM32F4xx_HAL_Driver/Src/stm32f4xx_hal.o
                0x08000510                HAL_Init
 .text.HAL_IncTick
                0x08000544       0x18 Drivers/STM32F4xx_HAL_Driver/Src/stm32f4xx_hal.o
                0x08000544                HAL_IncTick
 .text.HAL_GetTick
                0x0800055c        0xc Drivers/STM32F4xx_HAL_Driver/Src/stm32f4xx_hal.o
                0x0800055c                HAL_GetTick
 .text.HAL_Delay
                0x08000568       0x28 Drivers/STM32F4xx_HAL_Driver/Src/stm32f4xx_hal.o
                0x08000568                HAL_Delay
 .text.ADC_Init
                0x08000590      0x134 Drivers/STM32F4xx_HAL_Driver/Src/stm32f4xx_hal_adc.o
 .text.HAL_ADC_Init
                0x080006c4       0x56 Drivers/STM32F4xx_HAL_Driver/Src/stm32f4xx_hal_adc.o
                0x080006c4                HAL_ADC_Init
 .text.HAL_ADC_ConvCpltCallback
                0x0800071a        0x2 Drivers/STM32F4xx_HAL_Driver/Src/stm32f4xx_hal_adc.o
                0x0800071a                HAL_ADC_ConvCpltCallback
 .text.HAL_ADC_LevelOutOfWindowCallback
                0x0800071c        0x2 Drivers/STM32F4xx_HAL_Driver/Src/stm32f4xx_hal_adc.o
                0x0800071c                HAL_ADC_LevelOutOfWindowCallback
 .text.HAL_ADC_ErrorCallback
                0x0800071e        0x2 Drivers/STM32F4xx_HAL_Driver/Src/stm32f4xx_hal_adc.o
                0x0800071e                HAL_ADC_ErrorCallback
 .text.HAL_ADC_IRQHandler
                0x08000720      0x14e Drivers/STM32F4xx_HAL_Driver/Src/stm32f4xx_hal_adc.o
                0x08000720                HAL_ADC_IRQHandler
 *fill*         0x0800086e        0x2 
 .text.HAL_ADC_ConfigChannel
                0x08000870      0x190 Drivers/STM32F4xx_HAL_Driver/Src/stm32f4xx_hal_adc.o
                0x08000870                HAL_ADC_ConfigChannel
 .text.HAL_ADCEx_InjectedConvCpltCallback
                0x08000a00        0x2 Drivers/STM32F4xx_HAL_Driver/Src/stm32f4xx_hal_adc_ex.o
                0x08000a00                HAL_ADCEx_InjectedConvCpltCallback
 *fill*         0x08000a02        0x2 
 .text.HAL_NVIC_SetPriorityGrouping
                0x08000a04       0x24 Drivers/STM32F4xx_HAL_Driver/Src/stm32f4xx_hal_cortex.o
                0x08000a04                HAL_NVIC_SetPriorityGrouping
 .text.HAL_NVIC_SetPriority
                0x08000a28       0x68 Drivers/STM32F4xx_HAL_Driver/Src/stm32f4xx_hal_cortex.o
                0x08000a28                HAL_NVIC_SetPriority
 .text.HAL_NVIC_EnableIRQ
                0x08000a90       0x1c Drivers/STM32F4xx_HAL_Driver/Src/stm32f4xx_hal_cortex.o
                0x08000a90                HAL_NVIC_EnableIRQ
 .text.HAL_SYSTICK_Config
                0x08000aac       0x2c Drivers/STM32F4xx_HAL_Driver/Src/stm32f4xx_hal_cortex.o
                0x08000aac                HAL_SYSTICK_Config
 .text.DMA_CalcBaseAndBitshift
                0x08000ad8       0x3c Drivers/STM32F4xx_HAL_Driver/Src/stm32f4xx_hal_dma.o
 .text.DMA_CheckFifoParam
                0x08000b14       0x8e Drivers/STM32F4xx_HAL_Driver/Src/stm32f4xx_hal_dma.o
 *fill*         0x08000ba2        0x2 
 .text.HAL_DMA_Init
                0x08000ba4       0xcc Drivers/STM32F4xx_HAL_Driver/Src/stm32f4xx_hal_dma.o
                0x08000ba4                HAL_DMA_Init
 .text.HAL_DMA_Abort_IT
                0x08000c70       0x26 Drivers/STM32F4xx_HAL_Driver/Src/stm32f4xx_hal_dma.o
                0x08000c70                HAL_DMA_Abort_IT
 *fill*         0x08000c96        0x2 
 .text.HAL_DMA_IRQHandler
                0x08000c98      0x1dc Drivers/STM32F4xx_HAL_Driver/Src/stm32f4xx_hal_dma.o
                0x08000c98                HAL_DMA_IRQHandler
 .text.HAL_DMA_GetState
                0x08000e74        0x6 Drivers/STM32F4xx_HAL_Driver/Src/stm32f4xx_hal_dma.o
                0x08000e74                HAL_DMA_GetState
 *fill*         0x08000e7a        0x2 
 .text.HAL_GPIO_Init
                0x08000e7c      0x1c8 Drivers/STM32F4xx_HAL_Driver/Src/stm32f4xx_hal_gpio.o
                0x08000e7c                HAL_GPIO_Init
 .text.HAL_GPIO_WritePin
                0x08001044        0xc Drivers/STM32F4xx_HAL_Driver/Src/stm32f4xx_hal_gpio.o
                0x08001044                HAL_GPIO_WritePin
 .text.I2C_Master_SB
                0x08001050       0xae Drivers/STM32F4xx_HAL_Driver/Src/stm32f4xx_hal_i2c.o
 .text.I2C_Master_ADD10
                0x080010fe       0x2e Drivers/STM32F4xx_HAL_Driver/Src/stm32f4xx_hal_i2c.o
 .text.I2C_Master_ADDR
                0x0800112c      0x206 Drivers/STM32F4xx_HAL_Driver/Src/stm32f4xx_hal_i2c.o
 .text.I2C_SlaveTransmit_BTF
                0x08001332       0x1e Drivers/STM32F4xx_HAL_Driver/Src/stm32f4xx_hal_i2c.o
 .text.I2C_SlaveReceive_BTF
                0x08001350       0x1e Drivers/STM32F4xx_HAL_Driver/Src/stm32f4xx_hal_i2c.o
 .text.I2C_IsAcknowledgeFailed
                0x0800136e       0x32 Drivers/STM32F4xx_HAL_Driver/Src/stm32f4xx_hal_i2c.o
 .text.I2C_ConvertOtherXferOptions
                0x080013a0       0x1e Drivers/STM32F4xx_HAL_Driver/Src/stm32f4xx_hal_i2c.o
 .text.I2C_WaitOnFlagUntilTimeout
                0x080013be       0x70 Drivers/STM32F4xx_HAL_Driver/Src/stm32f4xx_hal_i2c.o
 .text.I2C_WaitOnMasterAddressFlagUntilTimeout
                0x0800142e       0xa4 Drivers/STM32F4xx_HAL_Driver/Src/stm32f4xx_hal_i2c.o
 *fill*         0x080014d2        0x2 
 .text.I2C_MasterRequestWrite
                0x080014d4       0xa8 Drivers/STM32F4xx_HAL_Driver/Src/stm32f4xx_hal_i2c.o
 .text.I2C_WaitOnTXEFlagUntilTimeout
                0x0800157c       0x54 Drivers/STM32F4xx_HAL_Driver/Src/stm32f4xx_hal_i2c.o
 .text.I2C_WaitOnBTFFlagUntilTimeout
                0x080015d0       0x54 Drivers/STM32F4xx_HAL_Driver/Src/stm32f4xx_hal_i2c.o
 .text.HAL_I2C_Init
                0x08001624      0x1a0 Drivers/STM32F4xx_HAL_Driver/Src/stm32f4xx_hal_i2c.o
                0x08001624                HAL_I2C_Init
 .text.HAL_I2C_Master_Transmit
                0x080017c4      0x174 Drivers/STM32F4xx_HAL_Driver/Src/stm32f4xx_hal_i2c.o
                0x080017c4                HAL_I2C_Master_Transmit
 .text.HAL_I2C_MasterTxCpltCallback
                0x08001938        0x2 Drivers/STM32F4xx_HAL_Driver/Src/stm32f4xx_hal_i2c.o
                0x08001938                HAL_I2C_MasterTxCpltCallback
 .text.HAL_I2C_MasterRxCpltCallback
                0x0800193a        0x2 Drivers/STM32F4xx_HAL_Driver/Src/stm32f4xx_hal_i2c.o
                0x0800193a                HAL_I2C_MasterRxCpltCallback
 .text.HAL_I2C_SlaveTxCpltCallback
                0x0800193c        0x2 Drivers/STM32F4xx_HAL_Driver/Src/stm32f4xx_hal_i2c.o
                0x0800193c                HAL_I2C_SlaveTxCpltCallback
 .text.I2C_SlaveTransmit_TXE
                0x0800193e       0x4a Drivers/STM32F4xx_HAL_Driver/Src/stm32f4xx_hal_i2c.o
 .text.HAL_I2C_SlaveRxCpltCallback
                0x08001988        0x2 Drivers/STM32F4xx_HAL_Driver/Src/stm32f4xx_hal_i2c.o
                0x08001988                HAL_I2C_SlaveRxCpltCallback
 .text.I2C_SlaveReceive_RXNE
                0x0800198a       0x4a Drivers/STM32F4xx_HAL_Driver/Src/stm32f4xx_hal_i2c.o
 .text.HAL_I2C_AddrCallback
                0x080019d4        0x2 Drivers/STM32F4xx_HAL_Driver/Src/stm32f4xx_hal_i2c.o
                0x080019d4                HAL_I2C_AddrCallback
 .text.I2C_Slave_ADDR
                0x080019d6       0x4e Drivers/STM32F4xx_HAL_Driver/Src/stm32f4xx_hal_i2c.o
 .text.HAL_I2C_ListenCpltCallback
                0x08001a24        0x2 Drivers/STM32F4xx_HAL_Driver/Src/stm32f4xx_hal_i2c.o
                0x08001a24                HAL_I2C_ListenCpltCallback
 .text.HAL_I2C_MemTxCpltCallback
                0x08001a26        0x2 Drivers/STM32F4xx_HAL_Driver/Src/stm32f4xx_hal_i2c.o
                0x08001a26                HAL_I2C_MemTxCpltCallback
 .text.I2C_MasterTransmit_TXE
                0x08001a28      0x148 Drivers/STM32F4xx_HAL_Driver/Src/stm32f4xx_hal_i2c.o
 .text.I2C_MasterTransmit_BTF
                0x08001b70       0x9c Drivers/STM32F4xx_HAL_Driver/Src/stm32f4xx_hal_i2c.o
 .text.HAL_I2C_MemRxCpltCallback
                0x08001c0c        0x2 Drivers/STM32F4xx_HAL_Driver/Src/stm32f4xx_hal_i2c.o
                0x08001c0c                HAL_I2C_MemRxCpltCallback
 .text.I2C_MasterReceive_RXNE
                0x08001c0e       0xa2 Drivers/STM32F4xx_HAL_Driver/Src/stm32f4xx_hal_i2c.o
 .text.I2C_MasterReceive_BTF
                0x08001cb0      0x11e Drivers/STM32F4xx_HAL_Driver/Src/stm32f4xx_hal_i2c.o
 .text.HAL_I2C_ErrorCallback
                0x08001dce        0x2 Drivers/STM32F4xx_HAL_Driver/Src/stm32f4xx_hal_i2c.o
                0x08001dce                HAL_I2C_ErrorCallback
 .text.HAL_I2C_AbortCpltCallback
                0x08001dd0        0x2 Drivers/STM32F4xx_HAL_Driver/Src/stm32f4xx_hal_i2c.o
                0x08001dd0                HAL_I2C_AbortCpltCallback
 .text.I2C_DMAAbort
                0x08001dd2       0x8a Drivers/STM32F4xx_HAL_Driver/Src/stm32f4xx_hal_i2c.o
 .text.I2C_ITError
                0x08001e5c      0x168 Drivers/STM32F4xx_HAL_Driver/Src/stm32f4xx_hal_i2c.o
 .text.I2C_Slave_STOPF
                0x08001fc4      0x188 Drivers/STM32F4xx_HAL_Driver/Src/stm32f4xx_hal_i2c.o
 .text.HAL_I2C_EV_IRQHandler
                0x0800214c      0x18c Drivers/STM32F4xx_HAL_Driver/Src/stm32f4xx_hal_i2c.o
                0x0800214c                HAL_I2C_EV_IRQHandler
 .text.HAL_RCC_OscConfig
                0x080022d8      0x398 Drivers/STM32F4xx_HAL_Driver/Src/stm32f4xx_hal_rcc.o
                0x080022d8                HAL_RCC_OscConfig
 .text.HAL_RCC_EnableCSS
                0x08002670        0xc Drivers/STM32F4xx_HAL_Driver/Src/stm32f4xx_hal_rcc.o
                0x08002670                HAL_RCC_EnableCSS
 .text.HAL_RCC_GetSysClockFreq
                0x0800267c       0xa8 Drivers/STM32F4xx_HAL_Driver/Src/stm32f4xx_hal_rcc.o
                0x0800267c                HAL_RCC_GetSysClockFreq
 .text.HAL_RCC_ClockConfig
                0x08002724      0x158 Drivers/STM32F4xx_HAL_Driver/Src/stm32f4xx_hal_rcc.o
                0x08002724                HAL_RCC_ClockConfig
 .text.HAL_RCC_GetHCLKFreq
                0x0800287c        0xc Drivers/STM32F4xx_HAL_Driver/Src/stm32f4xx_hal_rcc.o
                0x0800287c                HAL_RCC_GetHCLKFreq
 .text.HAL_RCC_GetPCLK1Freq
                0x08002888       0x20 Drivers/STM32F4xx_HAL_Driver/Src/stm32f4xx_hal_rcc.o
                0x08002888                HAL_RCC_GetPCLK1Freq
 .text.HAL_RCC_GetPCLK2Freq
                0x080028a8       0x20 Drivers/STM32F4xx_HAL_Driver/Src/stm32f4xx_hal_rcc.o
                0x080028a8                HAL_RCC_GetPCLK2Freq
 .text.UART_EndRxTransfer
                0x080028c8       0x1c Drivers/STM32F4xx_HAL_Driver/Src/stm32f4xx_hal_uart.o
 .text.UART_Transmit_IT
                0x080028e4       0x68 Drivers/STM32F4xx_HAL_Driver/Src/stm32f4xx_hal_uart.o
 .text.UART_SetConfig
                0x0800294c      0x334 Drivers/STM32F4xx_HAL_Driver/Src/stm32f4xx_hal_uart.o
 .text.UART_WaitOnFlagUntilTimeout
                0x08002c80       0x62 Drivers/STM32F4xx_HAL_Driver/Src/stm32f4xx_hal_uart.o
 .text.HAL_UART_Init
                0x08002ce2       0x5e Drivers/STM32F4xx_HAL_Driver/Src/stm32f4xx_hal_uart.o
                0x08002ce2                HAL_UART_Init
 .text.HAL_UART_Transmit
                0x08002d40       0xe0 Drivers/STM32F4xx_HAL_Driver/Src/stm32f4xx_hal_uart.o
                0x08002d40                HAL_UART_Transmit
 .text.HAL_UART_TxCpltCallback
                0x08002e20        0x2 Drivers/STM32F4xx_HAL_Driver/Src/stm32f4xx_hal_uart.o
                0x08002e20                HAL_UART_TxCpltCallback
 .text.UART_EndTransmit_IT
                0x08002e22       0x1a Drivers/STM32F4xx_HAL_Driver/Src/stm32f4xx_hal_uart.o
 .text.HAL_UART_RxCpltCallback
                0x08002e3c        0x2 Drivers/STM32F4xx_HAL_Driver/Src/stm32f4xx_hal_uart.o
                0x08002e3c                HAL_UART_RxCpltCallback
 .text.UART_Receive_IT
                0x08002e3e       0x9c Drivers/STM32F4xx_HAL_Driver/Src/stm32f4xx_hal_uart.o
 .text.HAL_UART_ErrorCallback
                0x08002eda        0x2 Drivers/STM32F4xx_HAL_Driver/Src/stm32f4xx_hal_uart.o
                0x08002eda                HAL_UART_ErrorCallback
 .text.HAL_UART_IRQHandler
                0x08002edc      0x120 Drivers/STM32F4xx_HAL_Driver/Src/stm32f4xx_hal_uart.o
                0x08002edc                HAL_UART_IRQHandler
 .text.UART_DMAAbortOnError
                0x08002ffc       0x10 Drivers/STM32F4xx_HAL_Driver/Src/stm32f4xx_hal_uart.o
 .text.MCP4661_SetResistance
                0x0800300c       0x74 Src/MCP4661.o
                0x0800300c                MCP4661_SetResistance
 .text.MX_ADC1_Init
                0x08003080       0x70 Src/adc.o
                0x08003080                MX_ADC1_Init
 .text.MX_ADC2_Init
                0x080030f0       0x70 Src/adc.o
                0x080030f0                MX_ADC2_Init
 .text.HAL_ADC_MspInit
                0x08003160      0x164 Src/adc.o
                0x08003160                HAL_ADC_MspInit
 .text.MX_DMA_Init
                0x080032c4       0x78 Src/dma.o
                0x080032c4                MX_DMA_Init
 .text.MX_GPIO_Init
                0x0800333c       0xf8 Src/gpio.o
                0x0800333c                MX_GPIO_Init
 .text.MX_I2C2_Init
                0x08003434       0x3c Src/i2c.o
                0x08003434                MX_I2C2_Init
 .text.HAL_I2C_MspInit
                0x08003470      0x100 Src/i2c.o
                0x08003470                HAL_I2C_MspInit
 .text.SystemClock_Config
                0x08003570       0x9c Src/main.o
                0x08003570                SystemClock_Config
 .text.main     0x0800360c       0x84 Src/main.o
                0x0800360c                main
 .text.Error_Handler
                0x08003690        0x2 Src/main.o
                0x08003690                Error_Handler
 *fill*         0x08003692        0x2 
 .text.HAL_MspInit
                0x08003694       0x38 Src/stm32f4xx_hal_msp.o
                0x08003694                HAL_MspInit
 .text.NMI_Handler
                0x080036cc        0x2 Src/stm32f4xx_it.o
                0x080036cc                NMI_Handler
 .text.HardFault_Handler
                0x080036ce        0x2 Src/stm32f4xx_it.o
                0x080036ce                HardFault_Handler
 .text.MemManage_Handler
                0x080036d0        0x2 Src/stm32f4xx_it.o
                0x080036d0                MemManage_Handler
 .text.BusFault_Handler
                0x080036d2        0x2 Src/stm32f4xx_it.o
                0x080036d2                BusFault_Handler
 .text.UsageFault_Handler
                0x080036d4        0x2 Src/stm32f4xx_it.o
                0x080036d4                UsageFault_Handler
 .text.SVC_Handler
                0x080036d6        0x2 Src/stm32f4xx_it.o
                0x080036d6                SVC_Handler
 .text.DebugMon_Handler
                0x080036d8        0x2 Src/stm32f4xx_it.o
                0x080036d8                DebugMon_Handler
 .text.PendSV_Handler
                0x080036da        0x2 Src/stm32f4xx_it.o
                0x080036da                PendSV_Handler
 .text.SysTick_Handler
                0x080036dc        0x8 Src/stm32f4xx_it.o
                0x080036dc                SysTick_Handler
 .text.DMA1_Stream2_IRQHandler
                0x080036e4       0x10 Src/stm32f4xx_it.o
                0x080036e4                DMA1_Stream2_IRQHandler
 .text.ADC_IRQHandler
                0x080036f4       0x18 Src/stm32f4xx_it.o
                0x080036f4                ADC_IRQHandler
 .text.I2C2_EV_IRQHandler
                0x0800370c       0x10 Src/stm32f4xx_it.o
                0x0800370c                I2C2_EV_IRQHandler
 .text.USART1_IRQHandler
                0x0800371c       0x10 Src/stm32f4xx_it.o
                0x0800371c                USART1_IRQHandler
 .text.DMA1_Stream7_IRQHandler
                0x0800372c       0x10 Src/stm32f4xx_it.o
                0x0800372c                DMA1_Stream7_IRQHandler
 .text.DMA2_Stream2_IRQHandler
                0x0800373c       0x10 Src/stm32f4xx_it.o
                0x0800373c                DMA2_Stream2_IRQHandler
 .text.DMA2_Stream7_IRQHandler
                0x0800374c       0x10 Src/stm32f4xx_it.o
                0x0800374c                DMA2_Stream7_IRQHandler
 .text.SystemInit
                0x0800375c       0x4c Src/system_stm32f4xx.o
                0x0800375c                SystemInit
 .text.MX_USART1_UART_Init
                0x080037a8       0x34 Src/usart.o
                0x080037a8                MX_USART1_UART_Init
 .text.HAL_UART_MspInit
                0x080037dc      0x108 Src/usart.o
                0x080037dc                HAL_UART_MspInit
 .text.Reset_Handler
                0x080038e4       0x50 startup/startup_stm32f405xx.o
                0x080038e4                Reset_Handler
 .text.Default_Handler
                0x08003934        0x2 startup/startup_stm32f405xx.o
                0x08003934                RTC_Alarm_IRQHandler
                0x08003934                HASH_RNG_IRQHandler
                0x08003934                EXTI2_IRQHandler
                0x08003934                TIM8_CC_IRQHandler
                0x08003934                TIM1_CC_IRQHandler
                0x08003934                DMA2_Stream5_IRQHandler
                0x08003934                DMA1_Stream5_IRQHandler
                0x08003934                PVD_IRQHandler
                0x08003934                SDIO_IRQHandler
                0x08003934                TAMP_STAMP_IRQHandler
                0x08003934                CAN2_RX1_IRQHandler
                0x08003934                EXTI3_IRQHandler
                0x08003934                TIM8_TRG_COM_TIM14_IRQHandler
                0x08003934                TIM1_UP_TIM10_IRQHandler
                0x08003934                TIM8_UP_TIM13_IRQHandler
                0x08003934                I2C3_ER_IRQHandler
                0x08003934                EXTI0_IRQHandler
                0x08003934                CAN1_RX0_IRQHandler
                0x08003934                FPU_IRQHandler
                0x08003934                OTG_HS_WKUP_IRQHandler
                0x08003934                CAN2_SCE_IRQHandler
                0x08003934                SPI1_IRQHandler
                0x08003934                TIM6_DAC_IRQHandler
                0x08003934                TIM1_BRK_TIM9_IRQHandler
                0x08003934                CAN2_RX0_IRQHandler
                0x08003934                DMA2_Stream3_IRQHandler
                0x08003934                USART6_IRQHandler
                0x08003934                USART3_IRQHandler
                0x08003934                CAN1_RX1_IRQHandler
                0x08003934                UART5_IRQHandler
                0x08003934                DMA2_Stream0_IRQHandler
                0x08003934                TIM4_IRQHandler
                0x08003934                I2C1_EV_IRQHandler
                0x08003934                DMA1_Stream6_IRQHandler
                0x08003934                DMA1_Stream1_IRQHandler
                0x08003934                UART4_IRQHandler
                0x08003934                TIM3_IRQHandler
                0x08003934                RCC_IRQHandler
                0x08003934                TIM8_BRK_TIM12_IRQHandler
                0x08003934                Default_Handler
                0x08003934                EXTI15_10_IRQHandler
                0x08003934                TIM7_IRQHandler
                0x08003934                CAN2_TX_IRQHandler
                0x08003934                TIM5_IRQHandler
                0x08003934                I2C3_EV_IRQHandler
                0x08003934                EXTI9_5_IRQHandler
                0x08003934                RTC_WKUP_IRQHandler
                0x08003934                SPI2_IRQHandler
                0x08003934                OTG_HS_EP1_IN_IRQHandler
                0x08003934                DMA1_Stream0_IRQHandler
                0x08003934                CAN1_TX_IRQHandler
                0x08003934                EXTI4_IRQHandler
                0x08003934                FSMC_IRQHandler
                0x08003934                OTG_HS_EP1_OUT_IRQHandler
                0x08003934                WWDG_IRQHandler
                0x08003934                TIM2_IRQHandler
                0x08003934                OTG_FS_WKUP_IRQHandler
                0x08003934                TIM1_TRG_COM_TIM11_IRQHandler
                0x08003934                OTG_HS_IRQHandler
                0x08003934                EXTI1_IRQHandler
                0x08003934                USART2_IRQHandler
                0x08003934                I2C2_ER_IRQHandler
                0x08003934                DMA2_Stream1_IRQHandler
                0x08003934                CAN1_SCE_IRQHandler
                0x08003934                FLASH_IRQHandler
                0x08003934                DMA2_Stream4_IRQHandler
                0x08003934                OTG_FS_IRQHandler
                0x08003934                SPI3_IRQHandler
                0x08003934                DMA1_Stream4_IRQHandler
                0x08003934                I2C1_ER_IRQHandler
                0x08003934                DMA2_Stream6_IRQHandler
                0x08003934                DMA1_Stream3_IRQHandler
 *fill*         0x08003936        0x2 
 .text.__libc_init_array
                0x08003938       0x48 c:/users/bartek/.p2/pool/plugins/fr.ac6.mcu.externaltools.arm-none.win32_1.17.0.201812190825/tools/compiler/bin/../lib/gcc/arm-none-eabi/7.3.1/../../../../arm-none-eabi/lib/thumb/v7e-m/fpv4-sp/hard\libc_nano.a(lib_a-init.o)
                0x08003938                __libc_init_array
 .text.memset   0x08003980       0x10 c:/users/bartek/.p2/pool/plugins/fr.ac6.mcu.externaltools.arm-none.win32_1.17.0.201812190825/tools/compiler/bin/../lib/gcc/arm-none-eabi/7.3.1/../../../../arm-none-eabi/lib/thumb/v7e-m/fpv4-sp/hard\libc_nano.a(lib_a-memset.o)
                0x08003980                memset
 *(.glue_7)
 .glue_7        0x08003990        0x0 linker stubs
 *(.glue_7t)
 .glue_7t       0x08003990        0x0 linker stubs
 *(.eh_frame)
 .eh_frame      0x08003990        0x0 c:/users/bartek/.p2/pool/plugins/fr.ac6.mcu.externaltools.arm-none.win32_1.17.0.201812190825/tools/compiler/bin/../lib/gcc/arm-none-eabi/7.3.1/thumb/v7e-m/fpv4-sp/hard/crtbegin.o
 *(.init)
 .init          0x08003990        0x4 c:/users/bartek/.p2/pool/plugins/fr.ac6.mcu.externaltools.arm-none.win32_1.17.0.201812190825/tools/compiler/bin/../lib/gcc/arm-none-eabi/7.3.1/thumb/v7e-m/fpv4-sp/hard/crti.o
                0x08003990                _init
 .init          0x08003994        0x8 c:/users/bartek/.p2/pool/plugins/fr.ac6.mcu.externaltools.arm-none.win32_1.17.0.201812190825/tools/compiler/bin/../lib/gcc/arm-none-eabi/7.3.1/thumb/v7e-m/fpv4-sp/hard/crtn.o
 *(.fini)
 .fini          0x0800399c        0x4 c:/users/bartek/.p2/pool/plugins/fr.ac6.mcu.externaltools.arm-none.win32_1.17.0.201812190825/tools/compiler/bin/../lib/gcc/arm-none-eabi/7.3.1/thumb/v7e-m/fpv4-sp/hard/crti.o
                0x0800399c                _fini
 .fini          0x080039a0        0x8 c:/users/bartek/.p2/pool/plugins/fr.ac6.mcu.externaltools.arm-none.win32_1.17.0.201812190825/tools/compiler/bin/../lib/gcc/arm-none-eabi/7.3.1/thumb/v7e-m/fpv4-sp/hard/crtn.o
                0x080039a8                . = ALIGN (0x4)
                0x080039a8                _etext = .

.vfp11_veneer   0x080039a8        0x0
 .vfp11_veneer  0x080039a8        0x0 linker stubs

.v4_bx          0x080039a8        0x0
 .v4_bx         0x080039a8        0x0 linker stubs

.iplt           0x080039a8        0x0
 .iplt          0x080039a8        0x0 c:/users/bartek/.p2/pool/plugins/fr.ac6.mcu.externaltools.arm-none.win32_1.17.0.201812190825/tools/compiler/bin/../lib/gcc/arm-none-eabi/7.3.1/thumb/v7e-m/fpv4-sp/hard/crtbegin.o

.rodata         0x080039a8       0x20
                0x080039a8                . = ALIGN (0x4)
 *(.rodata)
 .rodata        0x080039a8        0x8 Drivers/STM32F4xx_HAL_Driver/Src/stm32f4xx_hal_dma.o
 .rodata        0x080039b0       0x18 Src/system_stm32f4xx.o
                0x080039b0                AHBPrescTable
                0x080039c0                APBPrescTable
 *(.rodata*)
                0x080039c8                . = ALIGN (0x4)

.ARM.extab
 *(.ARM.extab* .gnu.linkonce.armextab.*)

.ARM            0x080039c8        0x8
                0x080039c8                __exidx_start = .
 *(.ARM.exidx*)
 .ARM.exidx     0x080039c8        0x8 c:/users/bartek/.p2/pool/plugins/fr.ac6.mcu.externaltools.arm-none.win32_1.17.0.201812190825/tools/compiler/bin/../lib/gcc/arm-none-eabi/7.3.1/thumb/v7e-m/fpv4-sp/hard\libgcc.a(_udivmoddi4.o)
                0x080039d0                __exidx_end = .

.rel.dyn        0x080039d0        0x0
 .rel.iplt      0x080039d0        0x0 c:/users/bartek/.p2/pool/plugins/fr.ac6.mcu.externaltools.arm-none.win32_1.17.0.201812190825/tools/compiler/bin/../lib/gcc/arm-none-eabi/7.3.1/thumb/v7e-m/fpv4-sp/hard/crtbegin.o

.preinit_array  0x080039d0        0x0
                0x080039d0                PROVIDE (__preinit_array_start = .)
 *(.preinit_array*)
                0x080039d0                PROVIDE (__preinit_array_end = .)

.init_array     0x080039d0        0x4
                0x080039d0                PROVIDE (__init_array_start = .)
 *(SORT_BY_NAME(.init_array.*))
 *(.init_array*)
 .init_array    0x080039d0        0x4 c:/users/bartek/.p2/pool/plugins/fr.ac6.mcu.externaltools.arm-none.win32_1.17.0.201812190825/tools/compiler/bin/../lib/gcc/arm-none-eabi/7.3.1/thumb/v7e-m/fpv4-sp/hard/crtbegin.o
                0x080039d4                PROVIDE (__init_array_end = .)

.fini_array     0x080039d4        0x4
                [!provide]                PROVIDE (__fini_array_start = .)
 *(SORT_BY_NAME(.fini_array.*))
 *(.fini_array*)
 .fini_array    0x080039d4        0x4 c:/users/bartek/.p2/pool/plugins/fr.ac6.mcu.externaltools.arm-none.win32_1.17.0.201812190825/tools/compiler/bin/../lib/gcc/arm-none-eabi/7.3.1/thumb/v7e-m/fpv4-sp/hard/crtbegin.o
                [!provide]                PROVIDE (__fini_array_end = .)
                0x080039d8                _sidata = LOADADDR (.data)

.data           0x20000000       0x14 load address 0x080039d8
                0x20000000                . = ALIGN (0x4)
                0x20000000                _sdata = .
 *(.data)
 .data          0x20000000        0x8 Drivers/STM32F4xx_HAL_Driver/Src/stm32f4xx_hal.o
                0x20000000                uwTickFreq
                0x20000004                uwTickPrio
 .data          0x20000008        0x6 Src/MCP4661.o
                0x20000008                MCP4661_addr
 *fill*         0x2000000e        0x2 
 .data          0x20000010        0x4 Src/system_stm32f4xx.o
                0x20000010                SystemCoreClock
 *(.data*)
                0x20000014                . = ALIGN (0x4)
                0x20000014                _edata = .
                0x080039ec                _siccmram = LOADADDR (.ccmram)

.igot.plt       0x20000014        0x0 load address 0x080039ec
 .igot.plt      0x20000014        0x0 c:/users/bartek/.p2/pool/plugins/fr.ac6.mcu.externaltools.arm-none.win32_1.17.0.201812190825/tools/compiler/bin/../lib/gcc/arm-none-eabi/7.3.1/thumb/v7e-m/fpv4-sp/hard/crtbegin.o

.ccmram         0x10000000        0x0 load address 0x080039ec
                0x10000000                . = ALIGN (0x4)
                0x10000000                _sccmram = .
 *(.ccmram)
 *(.ccmram*)
                0x10000000                . = ALIGN (0x4)
                0x10000000                _eccmram = .
                0x10000000                . = ALIGN (0x4)

.bss            0x20000014      0x2f4
                0x20000014                _sbss = .
                0x20000014                __bss_start__ = _sbss
 *(.bss)
 .bss           0x20000014       0x1c c:/users/bartek/.p2/pool/plugins/fr.ac6.mcu.externaltools.arm-none.win32_1.17.0.201812190825/tools/compiler/bin/../lib/gcc/arm-none-eabi/7.3.1/thumb/v7e-m/fpv4-sp/hard/crtbegin.o
 *(.bss*)
 *(COMMON)
 COMMON         0x20000030        0x4 Drivers/STM32F4xx_HAL_Driver/Src/stm32f4xx_hal.o
                0x20000030                uwTick
 COMMON         0x20000034       0x30 Src/MCP4661.o
                0x20000034                Rw_value
 COMMON         0x20000064       0x90 Src/adc.o
                0x20000064                hadc2
                0x200000ac                hadc1
 COMMON         0x200000f4      0x114 Src/i2c.o
                0x200000f4                hi2c2
                0x20000148                hdma_i2c2_rx
                0x200001a8                hdma_i2c2_tx
 COMMON         0x20000208      0x100 Src/usart.o
                0x20000208                hdma_usart1_tx
                0x20000268                hdma_usart1_rx
                0x200002c8                huart1
                0x20000308                . = ALIGN (0x4)
                0x20000308                _ebss = .
                0x20000308                __bss_end__ = _ebss

._user_heap_stack
                0x20000308      0x600
                0x20000308                . = ALIGN (0x8)
                0x20000308                PROVIDE (end = .)
                [!provide]                PROVIDE (_end = .)
                0x20000508                . = (. + _Min_Heap_Size)
 *fill*         0x20000308      0x200 
                0x20000908                . = (. + _Min_Stack_Size)
 *fill*         0x20000508      0x400 
                0x20000908                . = ALIGN (0x8)

/DISCARD/
 libc.a(*)
 libm.a(*)
 libgcc.a(*)

.ARM.attributes
                0x00000000       0x30
 *(.ARM.attributes)
 .ARM.attributes
                0x00000000       0x22 c:/users/bartek/.p2/pool/plugins/fr.ac6.mcu.externaltools.arm-none.win32_1.17.0.201812190825/tools/compiler/bin/../lib/gcc/arm-none-eabi/7.3.1/thumb/v7e-m/fpv4-sp/hard/crti.o
 .ARM.attributes
                0x00000022       0x34 c:/users/bartek/.p2/pool/plugins/fr.ac6.mcu.externaltools.arm-none.win32_1.17.0.201812190825/tools/compiler/bin/../lib/gcc/arm-none-eabi/7.3.1/thumb/v7e-m/fpv4-sp/hard/crtbegin.o
 .ARM.attributes
                0x00000056       0x39 Drivers/STM32F4xx_HAL_Driver/Src/stm32f4xx_hal.o
 .ARM.attributes
                0x0000008f       0x39 Drivers/STM32F4xx_HAL_Driver/Src/stm32f4xx_hal_adc.o
 .ARM.attributes
                0x000000c8       0x39 Drivers/STM32F4xx_HAL_Driver/Src/stm32f4xx_hal_adc_ex.o
 .ARM.attributes
                0x00000101       0x39 Drivers/STM32F4xx_HAL_Driver/Src/stm32f4xx_hal_cortex.o
 .ARM.attributes
                0x0000013a       0x39 Drivers/STM32F4xx_HAL_Driver/Src/stm32f4xx_hal_dma.o
 .ARM.attributes
                0x00000173       0x39 Drivers/STM32F4xx_HAL_Driver/Src/stm32f4xx_hal_gpio.o
 .ARM.attributes
                0x000001ac       0x39 Drivers/STM32F4xx_HAL_Driver/Src/stm32f4xx_hal_i2c.o
 .ARM.attributes
                0x000001e5       0x39 Drivers/STM32F4xx_HAL_Driver/Src/stm32f4xx_hal_rcc.o
 .ARM.attributes
                0x0000021e       0x39 Drivers/STM32F4xx_HAL_Driver/Src/stm32f4xx_hal_uart.o
 .ARM.attributes
                0x00000257       0x39 Src/MCP4661.o
 .ARM.attributes
                0x00000290       0x39 Src/adc.o
 .ARM.attributes
                0x000002c9       0x39 Src/dma.o
 .ARM.attributes
                0x00000302       0x39 Src/gpio.o
 .ARM.attributes
                0x0000033b       0x39 Src/i2c.o
 .ARM.attributes
                0x00000374       0x39 Src/main.o
 .ARM.attributes
                0x000003ad       0x39 Src/stm32f4xx_hal_msp.o
 .ARM.attributes
                0x000003e6       0x39 Src/stm32f4xx_it.o
 .ARM.attributes
                0x0000041f       0x39 Src/system_stm32f4xx.o
 .ARM.attributes
                0x00000458       0x39 Src/usart.o
 .ARM.attributes
                0x00000491       0x21 startup/startup_stm32f405xx.o
 .ARM.attributes
                0x000004b2       0x22 c:/users/bartek/.p2/pool/plugins/fr.ac6.mcu.externaltools.arm-none.win32_1.17.0.201812190825/tools/compiler/bin/../lib/gcc/arm-none-eabi/7.3.1/thumb/v7e-m/fpv4-sp/hard\libgcc.a(_aeabi_uldivmod.o)
 .ARM.attributes
                0x000004d4       0x34 c:/users/bartek/.p2/pool/plugins/fr.ac6.mcu.externaltools.arm-none.win32_1.17.0.201812190825/tools/compiler/bin/../lib/gcc/arm-none-eabi/7.3.1/thumb/v7e-m/fpv4-sp/hard\libgcc.a(_udivmoddi4.o)
 .ARM.attributes
                0x00000508       0x22 c:/users/bartek/.p2/pool/plugins/fr.ac6.mcu.externaltools.arm-none.win32_1.17.0.201812190825/tools/compiler/bin/../lib/gcc/arm-none-eabi/7.3.1/thumb/v7e-m/fpv4-sp/hard\libgcc.a(_dvmd_tls.o)
 .ARM.attributes
                0x0000052a       0x34 c:/users/bartek/.p2/pool/plugins/fr.ac6.mcu.externaltools.arm-none.win32_1.17.0.201812190825/tools/compiler/bin/../lib/gcc/arm-none-eabi/7.3.1/../../../../arm-none-eabi/lib/thumb/v7e-m/fpv4-sp/hard\libc_nano.a(lib_a-init.o)
 .ARM.attributes
                0x0000055e       0x34 c:/users/bartek/.p2/pool/plugins/fr.ac6.mcu.externaltools.arm-none.win32_1.17.0.201812190825/tools/compiler/bin/../lib/gcc/arm-none-eabi/7.3.1/../../../../arm-none-eabi/lib/thumb/v7e-m/fpv4-sp/hard\libc_nano.a(lib_a-memset.o)
 .ARM.attributes
                0x00000592       0x22 c:/users/bartek/.p2/pool/plugins/fr.ac6.mcu.externaltools.arm-none.win32_1.17.0.201812190825/tools/compiler/bin/../lib/gcc/arm-none-eabi/7.3.1/thumb/v7e-m/fpv4-sp/hard/crtn.o
OUTPUT(spawacze.elf elf32-littlearm)

.debug_info     0x00000000     0xfc1d
 .debug_info    0x00000000      0x9ba Drivers/STM32F4xx_HAL_Driver/Src/stm32f4xx_hal.o
 .debug_info    0x000009ba      0xdc1 Drivers/STM32F4xx_HAL_Driver/Src/stm32f4xx_hal_adc.o
 .debug_info    0x0000177b      0xbee Drivers/STM32F4xx_HAL_Driver/Src/stm32f4xx_hal_adc_ex.o
 .debug_info    0x00002369      0xf28 Drivers/STM32F4xx_HAL_Driver/Src/stm32f4xx_hal_cortex.o
 .debug_info    0x00003291      0xa5b Drivers/STM32F4xx_HAL_Driver/Src/stm32f4xx_hal_dma.o
 .debug_info    0x00003cec      0x770 Drivers/STM32F4xx_HAL_Driver/Src/stm32f4xx_hal_gpio.o
 .debug_info    0x0000445c     0x327d Drivers/STM32F4xx_HAL_Driver/Src/stm32f4xx_hal_i2c.o
 .debug_info    0x000076d9      0xa39 Drivers/STM32F4xx_HAL_Driver/Src/stm32f4xx_hal_rcc.o
 .debug_info    0x00008112     0x1730 Drivers/STM32F4xx_HAL_Driver/Src/stm32f4xx_hal_uart.o
 .debug_info    0x00009842      0x8c8 Src/MCP4661.o
 .debug_info    0x0000a10a      0xf20 Src/adc.o
 .debug_info    0x0000b02a      0x60c Src/dma.o
 .debug_info    0x0000b636      0x557 Src/gpio.o
 .debug_info    0x0000bb8d      0xd24 Src/i2c.o
 .debug_info    0x0000c8b1     0x124e Src/main.o
 .debug_info    0x0000daff      0x310 Src/stm32f4xx_hal_msp.o
 .debug_info    0x0000de0f      0xc54 Src/stm32f4xx_it.o
 .debug_info    0x0000ea63      0x507 Src/system_stm32f4xx.o
 .debug_info    0x0000ef6a      0xc91 Src/usart.o
 .debug_info    0x0000fbfb       0x22 startup/startup_stm32f405xx.o

.debug_abbrev   0x00000000     0x2587
 .debug_abbrev  0x00000000      0x1f1 Drivers/STM32F4xx_HAL_Driver/Src/stm32f4xx_hal.o
 .debug_abbrev  0x000001f1      0x242 Drivers/STM32F4xx_HAL_Driver/Src/stm32f4xx_hal_adc.o
 .debug_abbrev  0x00000433      0x271 Drivers/STM32F4xx_HAL_Driver/Src/stm32f4xx_hal_adc_ex.o
 .debug_abbrev  0x000006a4      0x328 Drivers/STM32F4xx_HAL_Driver/Src/stm32f4xx_hal_cortex.o
 .debug_abbrev  0x000009cc      0x290 Drivers/STM32F4xx_HAL_Driver/Src/stm32f4xx_hal_dma.o
 .debug_abbrev  0x00000c5c      0x1e7 Drivers/STM32F4xx_HAL_Driver/Src/stm32f4xx_hal_gpio.o
 .debug_abbrev  0x00000e43      0x284 Drivers/STM32F4xx_HAL_Driver/Src/stm32f4xx_hal_i2c.o
 .debug_abbrev  0x000010c7      0x273 Drivers/STM32F4xx_HAL_Driver/Src/stm32f4xx_hal_rcc.o
 .debug_abbrev  0x0000133a      0x270 Drivers/STM32F4xx_HAL_Driver/Src/stm32f4xx_hal_uart.o
 .debug_abbrev  0x000015aa      0x1cd Src/MCP4661.o
 .debug_abbrev  0x00001777      0x1d2 Src/adc.o
 .debug_abbrev  0x00001949      0x140 Src/dma.o
 .debug_abbrev  0x00001a89      0x162 Src/gpio.o
 .debug_abbrev  0x00001beb      0x1e3 Src/i2c.o
 .debug_abbrev  0x00001dce      0x223 Src/main.o
 .debug_abbrev  0x00001ff1       0xef Src/stm32f4xx_hal_msp.o
 .debug_abbrev  0x000020e0      0x1a1 Src/stm32f4xx_it.o
 .debug_abbrev  0x00002281      0x111 Src/system_stm32f4xx.o
 .debug_abbrev  0x00002392      0x1e3 Src/usart.o
 .debug_abbrev  0x00002575       0x12 startup/startup_stm32f405xx.o

.debug_loc      0x00000000     0x7da9
 .debug_loc     0x00000000       0xfd Drivers/STM32F4xx_HAL_Driver/Src/stm32f4xx_hal.o
 .debug_loc     0x000000fd      0x9b4 Drivers/STM32F4xx_HAL_Driver/Src/stm32f4xx_hal_adc.o
 .debug_loc     0x00000ab1      0x8de Drivers/STM32F4xx_HAL_Driver/Src/stm32f4xx_hal_adc_ex.o
 .debug_loc     0x0000138f      0x5ce Drivers/STM32F4xx_HAL_Driver/Src/stm32f4xx_hal_cortex.o
 .debug_loc     0x0000195d      0xb4e Drivers/STM32F4xx_HAL_Driver/Src/stm32f4xx_hal_dma.o
 .debug_loc     0x000024ab      0x497 Drivers/STM32F4xx_HAL_Driver/Src/stm32f4xx_hal_gpio.o
 .debug_loc     0x00002942     0x3673 Drivers/STM32F4xx_HAL_Driver/Src/stm32f4xx_hal_i2c.o
 .debug_loc     0x00005fb5      0x3f1 Drivers/STM32F4xx_HAL_Driver/Src/stm32f4xx_hal_rcc.o
 .debug_loc     0x000063a6     0x154f Drivers/STM32F4xx_HAL_Driver/Src/stm32f4xx_hal_uart.o
 .debug_loc     0x000078f5      0x1bc Src/MCP4661.o
 .debug_loc     0x00007ab1       0xa6 Src/adc.o
 .debug_loc     0x00007b57       0x63 Src/i2c.o
 .debug_loc     0x00007bba       0x4e Src/main.o
 .debug_loc     0x00007c08      0x13e Src/system_stm32f4xx.o
 .debug_loc     0x00007d46       0x63 Src/usart.o

.debug_aranges  0x00000000      0xb38
 .debug_aranges
                0x00000000       0xf0 Drivers/STM32F4xx_HAL_Driver/Src/stm32f4xx_hal.o
 .debug_aranges
                0x000000f0       0xe8 Drivers/STM32F4xx_HAL_Driver/Src/stm32f4xx_hal_adc.o
 .debug_aranges
                0x000001d8       0x90 Drivers/STM32F4xx_HAL_Driver/Src/stm32f4xx_hal_adc_ex.o
 .debug_aranges
                0x00000268       0xa8 Drivers/STM32F4xx_HAL_Driver/Src/stm32f4xx_hal_cortex.o
 .debug_aranges
                0x00000310       0x90 Drivers/STM32F4xx_HAL_Driver/Src/stm32f4xx_hal_dma.o
 .debug_aranges
                0x000003a0       0x58 Drivers/STM32F4xx_HAL_Driver/Src/stm32f4xx_hal_gpio.o
 .debug_aranges
                0x000003f8      0x290 Drivers/STM32F4xx_HAL_Driver/Src/stm32f4xx_hal_i2c.o
 .debug_aranges
                0x00000688       0x88 Drivers/STM32F4xx_HAL_Driver/Src/stm32f4xx_hal_rcc.o
 .debug_aranges
                0x00000710      0x1d0 Drivers/STM32F4xx_HAL_Driver/Src/stm32f4xx_hal_uart.o
 .debug_aranges
                0x000008e0       0x38 Src/MCP4661.o
 .debug_aranges
                0x00000918       0x38 Src/adc.o
 .debug_aranges
                0x00000950       0x20 Src/dma.o
 .debug_aranges
                0x00000970       0x20 Src/gpio.o
 .debug_aranges
                0x00000990       0x30 Src/i2c.o
 .debug_aranges
                0x000009c0       0x40 Src/main.o
 .debug_aranges
                0x00000a00       0x20 Src/stm32f4xx_hal_msp.o
 .debug_aranges
                0x00000a20       0x98 Src/stm32f4xx_it.o
 .debug_aranges
                0x00000ab8       0x28 Src/system_stm32f4xx.o
 .debug_aranges
                0x00000ae0       0x30 Src/usart.o
 .debug_aranges
                0x00000b10       0x28 startup/startup_stm32f405xx.o

.debug_ranges   0x00000000      0xa90
 .debug_ranges  0x00000000       0xe0 Drivers/STM32F4xx_HAL_Driver/Src/stm32f4xx_hal.o
 .debug_ranges  0x000000e0       0xd8 Drivers/STM32F4xx_HAL_Driver/Src/stm32f4xx_hal_adc.o
 .debug_ranges  0x000001b8       0x80 Drivers/STM32F4xx_HAL_Driver/Src/stm32f4xx_hal_adc_ex.o
 .debug_ranges  0x00000238       0xf8 Drivers/STM32F4xx_HAL_Driver/Src/stm32f4xx_hal_cortex.o
 .debug_ranges  0x00000330       0x80 Drivers/STM32F4xx_HAL_Driver/Src/stm32f4xx_hal_dma.o
 .debug_ranges  0x000003b0       0x48 Drivers/STM32F4xx_HAL_Driver/Src/stm32f4xx_hal_gpio.o
 .debug_ranges  0x000003f8      0x298 Drivers/STM32F4xx_HAL_Driver/Src/stm32f4xx_hal_i2c.o
 .debug_ranges  0x00000690       0x90 Drivers/STM32F4xx_HAL_Driver/Src/stm32f4xx_hal_rcc.o
 .debug_ranges  0x00000720      0x1c0 Drivers/STM32F4xx_HAL_Driver/Src/stm32f4xx_hal_uart.o
 .debug_ranges  0x000008e0       0x28 Src/MCP4661.o
 .debug_ranges  0x00000908       0x28 Src/adc.o
 .debug_ranges  0x00000930       0x10 Src/dma.o
 .debug_ranges  0x00000940       0x10 Src/gpio.o
 .debug_ranges  0x00000950       0x20 Src/i2c.o
 .debug_ranges  0x00000970       0x30 Src/main.o
 .debug_ranges  0x000009a0       0x10 Src/stm32f4xx_hal_msp.o
 .debug_ranges  0x000009b0       0x88 Src/stm32f4xx_it.o
 .debug_ranges  0x00000a38       0x18 Src/system_stm32f4xx.o
 .debug_ranges  0x00000a50       0x20 Src/usart.o
 .debug_ranges  0x00000a70       0x20 startup/startup_stm32f405xx.o

.debug_macro    0x00000000    0x1f124
 .debug_macro   0x00000000      0x24d Drivers/STM32F4xx_HAL_Driver/Src/stm32f4xx_hal.o
 .debug_macro   0x0000024d      0xa60 Drivers/STM32F4xx_HAL_Driver/Src/stm32f4xx_hal.o
 .debug_macro   0x00000cad      0x190 Drivers/STM32F4xx_HAL_Driver/Src/stm32f4xx_hal.o
 .debug_macro   0x00000e3d       0x32 Drivers/STM32F4xx_HAL_Driver/Src/stm32f4xx_hal.o
 .debug_macro   0x00000e6f       0x2f Drivers/STM32F4xx_HAL_Driver/Src/stm32f4xx_hal.o
 .debug_macro   0x00000e9e       0x22 Drivers/STM32F4xx_HAL_Driver/Src/stm32f4xx_hal.o
 .debug_macro   0x00000ec0       0x8e Drivers/STM32F4xx_HAL_Driver/Src/stm32f4xx_hal.o
 .debug_macro   0x00000f4e       0x51 Drivers/STM32F4xx_HAL_Driver/Src/stm32f4xx_hal.o
 .debug_macro   0x00000f9f       0xef Drivers/STM32F4xx_HAL_Driver/Src/stm32f4xx_hal.o
 .debug_macro   0x0000108e       0x6a Drivers/STM32F4xx_HAL_Driver/Src/stm32f4xx_hal.o
 .debug_macro   0x000010f8      0x1df Drivers/STM32F4xx_HAL_Driver/Src/stm32f4xx_hal.o
 .debug_macro   0x000012d7       0x1c Drivers/STM32F4xx_HAL_Driver/Src/stm32f4xx_hal.o
 .debug_macro   0x000012f3       0x22 Drivers/STM32F4xx_HAL_Driver/Src/stm32f4xx_hal.o
 .debug_macro   0x00001315       0xdf Drivers/STM32F4xx_HAL_Driver/Src/stm32f4xx_hal.o
 .debug_macro   0x000013f4     0x102d Drivers/STM32F4xx_HAL_Driver/Src/stm32f4xx_hal.o
 .debug_macro   0x00002421      0x11f Drivers/STM32F4xx_HAL_Driver/Src/stm32f4xx_hal.o
 .debug_macro   0x00002540    0x14258 Drivers/STM32F4xx_HAL_Driver/Src/stm32f4xx_hal.o
 .debug_macro   0x00016798       0x43 Drivers/STM32F4xx_HAL_Driver/Src/stm32f4xx_hal.o
 .debug_macro   0x000167db     0x35d4 Drivers/STM32F4xx_HAL_Driver/Src/stm32f4xx_hal.o
 .debug_macro   0x00019daf      0x174 Drivers/STM32F4xx_HAL_Driver/Src/stm32f4xx_hal.o
 .debug_macro   0x00019f23       0x4e Drivers/STM32F4xx_HAL_Driver/Src/stm32f4xx_hal.o
 .debug_macro   0x00019f71      0x8a7 Drivers/STM32F4xx_HAL_Driver/Src/stm32f4xx_hal.o
 .debug_macro   0x0001a818      0x9fe Drivers/STM32F4xx_HAL_Driver/Src/stm32f4xx_hal.o
 .debug_macro   0x0001b216       0xed Drivers/STM32F4xx_HAL_Driver/Src/stm32f4xx_hal.o
 .debug_macro   0x0001b303      0x117 Drivers/STM32F4xx_HAL_Driver/Src/stm32f4xx_hal.o
 .debug_macro   0x0001b41a      0x130 Drivers/STM32F4xx_HAL_Driver/Src/stm32f4xx_hal.o
 .debug_macro   0x0001b54a       0x27 Drivers/STM32F4xx_HAL_Driver/Src/stm32f4xx_hal.o
 .debug_macro   0x0001b571      0x287 Drivers/STM32F4xx_HAL_Driver/Src/stm32f4xx_hal.o
 .debug_macro   0x0001b7f8       0x5f Drivers/STM32F4xx_HAL_Driver/Src/stm32f4xx_hal.o
 .debug_macro   0x0001b857      0x236 Drivers/STM32F4xx_HAL_Driver/Src/stm32f4xx_hal.o
 .debug_macro   0x0001ba8d      0x391 Drivers/STM32F4xx_HAL_Driver/Src/stm32f4xx_hal.o
 .debug_macro   0x0001be1e      0x176 Drivers/STM32F4xx_HAL_Driver/Src/stm32f4xx_hal.o
 .debug_macro   0x0001bf94       0xf9 Drivers/STM32F4xx_HAL_Driver/Src/stm32f4xx_hal.o
 .debug_macro   0x0001c08d      0x12c Drivers/STM32F4xx_HAL_Driver/Src/stm32f4xx_hal.o
 .debug_macro   0x0001c1b9      0x21e Drivers/STM32F4xx_HAL_Driver/Src/stm32f4xx_hal.o
 .debug_macro   0x0001c3d7       0x2e Drivers/STM32F4xx_HAL_Driver/Src/stm32f4xx_hal.o
 .debug_macro   0x0001c405      0x1ae Drivers/STM32F4xx_HAL_Driver/Src/stm32f4xx_hal.o
 .debug_macro   0x0001c5b3       0xd6 Drivers/STM32F4xx_HAL_Driver/Src/stm32f4xx_hal.o
 .debug_macro   0x0001c689      0x11a Drivers/STM32F4xx_HAL_Driver/Src/stm32f4xx_hal.o
 .debug_macro   0x0001c7a3       0x7e Drivers/STM32F4xx_HAL_Driver/Src/stm32f4xx_hal.o
 .debug_macro   0x0001c821       0x89 Drivers/STM32F4xx_HAL_Driver/Src/stm32f4xx_hal.o
 .debug_macro   0x0001c8aa      0x287 Drivers/STM32F4xx_HAL_Driver/Src/stm32f4xx_hal.o
 .debug_macro   0x0001cb31      0x12d Drivers/STM32F4xx_HAL_Driver/Src/stm32f4xx_hal.o
 .debug_macro   0x0001cc5e      0x1ee Drivers/STM32F4xx_HAL_Driver/Src/stm32f4xx_hal_adc.o
 .debug_macro   0x0001ce4c      0x1ed Drivers/STM32F4xx_HAL_Driver/Src/stm32f4xx_hal_adc_ex.o
 .debug_macro   0x0001d039      0x1ed Drivers/STM32F4xx_HAL_Driver/Src/stm32f4xx_hal_cortex.o
 .debug_macro   0x0001d226      0x1f3 Drivers/STM32F4xx_HAL_Driver/Src/stm32f4xx_hal_dma.o
 .debug_macro   0x0001d419      0x223 Drivers/STM32F4xx_HAL_Driver/Src/stm32f4xx_hal_gpio.o
 .debug_macro   0x0001d63c      0x22d Drivers/STM32F4xx_HAL_Driver/Src/stm32f4xx_hal_i2c.o
 .debug_macro   0x0001d869      0x211 Drivers/STM32F4xx_HAL_Driver/Src/stm32f4xx_hal_rcc.o
 .debug_macro   0x0001da7a      0x1ee Drivers/STM32F4xx_HAL_Driver/Src/stm32f4xx_hal_uart.o
 .debug_macro   0x0001dc68      0x20a Src/MCP4661.o
 .debug_macro   0x0001de72       0x82 Src/MCP4661.o
 .debug_macro   0x0001def4      0x201 Src/adc.o
 .debug_macro   0x0001e0f5      0x201 Src/dma.o
 .debug_macro   0x0001e2f6      0x201 Src/gpio.o
 .debug_macro   0x0001e4f7      0x201 Src/i2c.o
 .debug_macro   0x0001e6f8      0x240 Src/main.o
 .debug_macro   0x0001e938      0x1f7 Src/stm32f4xx_hal_msp.o
 .debug_macro   0x0001eb2f      0x201 Src/stm32f4xx_it.o
 .debug_macro   0x0001ed30      0x1f3 Src/system_stm32f4xx.o
 .debug_macro   0x0001ef23      0x201 Src/usart.o

.debug_line     0x00000000     0xc03e
 .debug_line    0x00000000      0x941 Drivers/STM32F4xx_HAL_Driver/Src/stm32f4xx_hal.o
 .debug_line    0x00000941      0xc20 Drivers/STM32F4xx_HAL_Driver/Src/stm32f4xx_hal_adc.o
 .debug_line    0x00001561      0xa8e Drivers/STM32F4xx_HAL_Driver/Src/stm32f4xx_hal_adc_ex.o
 .debug_line    0x00001fef      0x997 Drivers/STM32F4xx_HAL_Driver/Src/stm32f4xx_hal_cortex.o
 .debug_line    0x00002986      0xa6e Drivers/STM32F4xx_HAL_Driver/Src/stm32f4xx_hal_dma.o
 .debug_line    0x000033f4      0x8cd Drivers/STM32F4xx_HAL_Driver/Src/stm32f4xx_hal_gpio.o
 .debug_line    0x00003cc1     0x1c73 Drivers/STM32F4xx_HAL_Driver/Src/stm32f4xx_hal_i2c.o
 .debug_line    0x00005934      0x9b7 Drivers/STM32F4xx_HAL_Driver/Src/stm32f4xx_hal_rcc.o
 .debug_line    0x000062eb     0x1083 Drivers/STM32F4xx_HAL_Driver/Src/stm32f4xx_hal_uart.o
 .debug_line    0x0000736e      0x799 Src/MCP4661.o
 .debug_line    0x00007b07      0x7ec Src/adc.o
 .debug_line    0x000082f3      0x744 Src/dma.o
 .debug_line    0x00008a37      0x758 Src/gpio.o
 .debug_line    0x0000918f      0x79e Src/i2c.o
 .debug_line    0x0000992d      0x7f5 Src/main.o
 .debug_line    0x0000a122      0x742 Src/stm32f4xx_hal_msp.o
 .debug_line    0x0000a864      0x851 Src/stm32f4xx_it.o
 .debug_line    0x0000b0b5      0x769 Src/system_stm32f4xx.o
 .debug_line    0x0000b81e      0x7a1 Src/usart.o
 .debug_line    0x0000bfbf       0x7f startup/startup_stm32f405xx.o

.debug_str      0x00000000    0xb9e03
 .debug_str     0x00000000    0xb6ea4 Drivers/STM32F4xx_HAL_Driver/Src/stm32f4xx_hal.o
                              0xb721a (size before relaxing)
 .debug_str     0x000b6ea4      0x66d Drivers/STM32F4xx_HAL_Driver/Src/stm32f4xx_hal_adc.o
                              0xb6c9a (size before relaxing)
 .debug_str     0x000b7511      0x2df Drivers/STM32F4xx_HAL_Driver/Src/stm32f4xx_hal_adc_ex.o
                              0xb6cfd (size before relaxing)
 .debug_str     0x000b77f0      0x3a1 Drivers/STM32F4xx_HAL_Driver/Src/stm32f4xx_hal_cortex.o
                              0xb6f50 (size before relaxing)
 .debug_str     0x000b7b91      0x304 Drivers/STM32F4xx_HAL_Driver/Src/stm32f4xx_hal_dma.o
                              0xb6ad6 (size before relaxing)
 .debug_str     0x000b7e95      0x281 Drivers/STM32F4xx_HAL_Driver/Src/stm32f4xx_hal_gpio.o
                              0xb68f4 (size before relaxing)
 .debug_str     0x000b8116      0xcec Drivers/STM32F4xx_HAL_Driver/Src/stm32f4xx_hal_i2c.o
                              0xb763b (size before relaxing)
 .debug_str     0x000b8e02      0x364 Drivers/STM32F4xx_HAL_Driver/Src/stm32f4xx_hal_rcc.o
                              0xb6abe (size before relaxing)
 .debug_str     0x000b9166      0x6c1 Drivers/STM32F4xx_HAL_Driver/Src/stm32f4xx_hal_uart.o
                              0xb6f5f (size before relaxing)
 .debug_str     0x000b9827      0x25b Src/MCP4661.o
                              0xb6c72 (size before relaxing)
 .debug_str     0x000b9a82       0x54 Src/adc.o
                              0xb705a (size before relaxing)
 .debug_str     0x000b9ad6       0x22 Src/dma.o
                              0xb6b19 (size before relaxing)
 .debug_str     0x000b9af8       0x25 Src/gpio.o
                              0xb66e4 (size before relaxing)
 .debug_str     0x000b9b1d       0x3e Src/i2c.o
                              0xb7150 (size before relaxing)
 .debug_str     0x000b9b5b       0x8f Src/main.o
                              0xb7332 (size before relaxing)
 .debug_str     0x000b9bea       0x1b Src/stm32f4xx_hal_msp.o
                              0xb6629 (size before relaxing)
 .debug_str     0x000b9c05      0x15b Src/stm32f4xx_it.o
                              0xb6f13 (size before relaxing)
 .debug_str     0x000b9d60       0x5a Src/system_stm32f4xx.o
                              0xb66b0 (size before relaxing)
 .debug_str     0x000b9dba       0x1a Src/usart.o
                              0xb7081 (size before relaxing)
 .debug_str     0x000b9dd4       0x2f startup/startup_stm32f405xx.o
                                 0x6e (size before relaxing)

.comment        0x00000000       0x7f
 .comment       0x00000000       0x7f Drivers/STM32F4xx_HAL_Driver/Src/stm32f4xx_hal.o
                                 0x80 (size before relaxing)
 .comment       0x0000007f       0x80 Drivers/STM32F4xx_HAL_Driver/Src/stm32f4xx_hal_adc.o
 .comment       0x0000007f       0x80 Drivers/STM32F4xx_HAL_Driver/Src/stm32f4xx_hal_adc_ex.o
 .comment       0x0000007f       0x80 Drivers/STM32F4xx_HAL_Driver/Src/stm32f4xx_hal_cortex.o
 .comment       0x0000007f       0x80 Drivers/STM32F4xx_HAL_Driver/Src/stm32f4xx_hal_dma.o
 .comment       0x0000007f       0x80 Drivers/STM32F4xx_HAL_Driver/Src/stm32f4xx_hal_gpio.o
 .comment       0x0000007f       0x80 Drivers/STM32F4xx_HAL_Driver/Src/stm32f4xx_hal_i2c.o
 .comment       0x0000007f       0x80 Drivers/STM32F4xx_HAL_Driver/Src/stm32f4xx_hal_rcc.o
 .comment       0x0000007f       0x80 Drivers/STM32F4xx_HAL_Driver/Src/stm32f4xx_hal_uart.o
 .comment       0x0000007f       0x80 Src/MCP4661.o
 .comment       0x0000007f       0x80 Src/adc.o
 .comment       0x0000007f       0x80 Src/dma.o
 .comment       0x0000007f       0x80 Src/gpio.o
 .comment       0x0000007f       0x80 Src/i2c.o
 .comment       0x0000007f       0x80 Src/main.o
 .comment       0x0000007f       0x80 Src/stm32f4xx_hal_msp.o
 .comment       0x0000007f       0x80 Src/stm32f4xx_it.o
 .comment       0x0000007f       0x80 Src/system_stm32f4xx.o
 .comment       0x0000007f       0x80 Src/usart.o

.debug_frame    0x00000000     0x1e6c
 .debug_frame   0x00000000      0x1ec Drivers/STM32F4xx_HAL_Driver/Src/stm32f4xx_hal.o
 .debug_frame   0x000001ec      0x27c Drivers/STM32F4xx_HAL_Driver/Src/stm32f4xx_hal_adc.o
 .debug_frame   0x00000468      0x18c Drivers/STM32F4xx_HAL_Driver/Src/stm32f4xx_hal_adc_ex.o
 .debug_frame   0x000005f4      0x15c Drivers/STM32F4xx_HAL_Driver/Src/stm32f4xx_hal_cortex.o
 .debug_frame   0x00000750      0x188 Drivers/STM32F4xx_HAL_Driver/Src/stm32f4xx_hal_dma.o
 .debug_frame   0x000008d8       0xd8 Drivers/STM32F4xx_HAL_Driver/Src/stm32f4xx_hal_gpio.o
 .debug_frame   0x000009b0      0x910 Drivers/STM32F4xx_HAL_Driver/Src/stm32f4xx_hal_i2c.o
 .debug_frame   0x000012c0      0x184 Drivers/STM32F4xx_HAL_Driver/Src/stm32f4xx_hal_rcc.o
 .debug_frame   0x00001444      0x4f0 Drivers/STM32F4xx_HAL_Driver/Src/stm32f4xx_hal_uart.o
 .debug_frame   0x00001934       0x98 Src/MCP4661.o
 .debug_frame   0x000019cc       0x8c Src/adc.o
 .debug_frame   0x00001a58       0x30 Src/dma.o
 .debug_frame   0x00001a88       0x34 Src/gpio.o
 .debug_frame   0x00001abc       0x64 Src/i2c.o
 .debug_frame   0x00001b20       0x94 Src/main.o
 .debug_frame   0x00001bb4       0x28 Src/stm32f4xx_hal_msp.o
 .debug_frame   0x00001bdc      0x150 Src/stm32f4xx_it.o
 .debug_frame   0x00001d2c       0x30 Src/system_stm32f4xx.o
 .debug_frame   0x00001d5c       0x64 Src/usart.o
 .debug_frame   0x00001dc0       0x2c c:/users/bartek/.p2/pool/plugins/fr.ac6.mcu.externaltools.arm-none.win32_1.17.0.201812190825/tools/compiler/bin/../lib/gcc/arm-none-eabi/7.3.1/thumb/v7e-m/fpv4-sp/hard\libgcc.a(_aeabi_uldivmod.o)
 .debug_frame   0x00001dec       0x34 c:/users/bartek/.p2/pool/plugins/fr.ac6.mcu.externaltools.arm-none.win32_1.17.0.201812190825/tools/compiler/bin/../lib/gcc/arm-none-eabi/7.3.1/thumb/v7e-m/fpv4-sp/hard\libgcc.a(_udivmoddi4.o)
 .debug_frame   0x00001e20       0x2c c:/users/bartek/.p2/pool/plugins/fr.ac6.mcu.externaltools.arm-none.win32_1.17.0.201812190825/tools/compiler/bin/../lib/gcc/arm-none-eabi/7.3.1/../../../../arm-none-eabi/lib/thumb/v7e-m/fpv4-sp/hard\libc_nano.a(lib_a-init.o)
 .debug_frame   0x00001e4c       0x20 c:/users/bartek/.p2/pool/plugins/fr.ac6.mcu.externaltools.arm-none.win32_1.17.0.201812190825/tools/compiler/bin/../lib/gcc/arm-none-eabi/7.3.1/../../../../arm-none-eabi/lib/thumb/v7e-m/fpv4-sp/hard\libc_nano.a(lib_a-memset.o)
